// Jest Snapshot v1, https://goo.gl/fbAQLP

exports[`Title component Snapshot matchs 1`] = `

`;
